// Jest Snapshot v1, https://goo.gl/fbAQLP

exports[`CardSelect renders correctly 1`] = `
<div>
  CardSelect
</div>
`;
